src/hooks/useTranslation.ts(1697,5): error TS1117: An object literal cannot have multiple properties with the same name.
